------------------------------------------------------------
Timing Analyzer Summary
------------------------------------------------------------

Type  : Slow 1200mV 85C Model Setup 'controller:inst2|clkout'
Slack : -11.656
TNS   : -108.762

Type  : Slow 1200mV 85C Model Setup 'controller:inst4|clkout'
Slack : -11.640
TNS   : -116.442

Type  : Slow 1200mV 85C Model Setup 'controller:inst3|clkout'
Slack : -11.577
TNS   : -113.553

Type  : Slow 1200mV 85C Model Setup 'clk'
Slack : -2.760
TNS   : -56.850

Type  : Slow 1200mV 85C Model Setup 'sw0'
Slack : -1.358
TNS   : -3.109

Type  : Slow 1200mV 85C Model Hold 'clk'
Slack : 0.402
TNS   : 0.000

Type  : Slow 1200mV 85C Model Hold 'sw0'
Slack : 0.668
TNS   : 0.000

Type  : Slow 1200mV 85C Model Hold 'controller:inst2|clkout'
Slack : 0.953
TNS   : 0.000

Type  : Slow 1200mV 85C Model Hold 'controller:inst4|clkout'
Slack : 1.110
TNS   : 0.000

Type  : Slow 1200mV 85C Model Hold 'controller:inst3|clkout'
Slack : 1.585
TNS   : 0.000

Type  : Slow 1200mV 85C Model Minimum Pulse Width 'clk'
Slack : -3.000
TNS   : -44.120

Type  : Slow 1200mV 85C Model Minimum Pulse Width 'sw0'
Slack : -3.000
TNS   : -3.000

Type  : Slow 1200mV 85C Model Minimum Pulse Width 'controller:inst2|clkout'
Slack : -1.285
TNS   : -21.845

Type  : Slow 1200mV 85C Model Minimum Pulse Width 'controller:inst3|clkout'
Slack : -1.285
TNS   : -21.845

Type  : Slow 1200mV 85C Model Minimum Pulse Width 'controller:inst4|clkout'
Slack : -1.285
TNS   : -21.845

Type  : Slow 1200mV 0C Model Setup 'controller:inst2|clkout'
Slack : -10.377
TNS   : -97.017

Type  : Slow 1200mV 0C Model Setup 'controller:inst3|clkout'
Slack : -10.343
TNS   : -101.384

Type  : Slow 1200mV 0C Model Setup 'controller:inst4|clkout'
Slack : -10.326
TNS   : -103.805

Type  : Slow 1200mV 0C Model Setup 'clk'
Slack : -2.454
TNS   : -47.499

Type  : Slow 1200mV 0C Model Setup 'sw0'
Slack : -1.213
TNS   : -2.682

Type  : Slow 1200mV 0C Model Hold 'clk'
Slack : 0.353
TNS   : 0.000

Type  : Slow 1200mV 0C Model Hold 'sw0'
Slack : 0.636
TNS   : 0.000

Type  : Slow 1200mV 0C Model Hold 'controller:inst2|clkout'
Slack : 0.852
TNS   : 0.000

Type  : Slow 1200mV 0C Model Hold 'controller:inst4|clkout'
Slack : 0.997
TNS   : 0.000

Type  : Slow 1200mV 0C Model Hold 'controller:inst3|clkout'
Slack : 1.439
TNS   : 0.000

Type  : Slow 1200mV 0C Model Minimum Pulse Width 'clk'
Slack : -3.000
TNS   : -44.120

Type  : Slow 1200mV 0C Model Minimum Pulse Width 'sw0'
Slack : -3.000
TNS   : -3.000

Type  : Slow 1200mV 0C Model Minimum Pulse Width 'controller:inst2|clkout'
Slack : -1.285
TNS   : -21.845

Type  : Slow 1200mV 0C Model Minimum Pulse Width 'controller:inst3|clkout'
Slack : -1.285
TNS   : -21.845

Type  : Slow 1200mV 0C Model Minimum Pulse Width 'controller:inst4|clkout'
Slack : -1.285
TNS   : -21.845

Type  : Fast 1200mV 0C Model Setup 'controller:inst3|clkout'
Slack : -5.127
TNS   : -46.555

Type  : Fast 1200mV 0C Model Setup 'controller:inst4|clkout'
Slack : -5.122
TNS   : -48.220

Type  : Fast 1200mV 0C Model Setup 'controller:inst2|clkout'
Slack : -5.118
TNS   : -43.515

Type  : Fast 1200mV 0C Model Setup 'clk'
Slack : -0.778
TNS   : -12.025

Type  : Fast 1200mV 0C Model Setup 'sw0'
Slack : -0.070
TNS   : -0.070

Type  : Fast 1200mV 0C Model Hold 'sw0'
Slack : 0.176
TNS   : 0.000

Type  : Fast 1200mV 0C Model Hold 'clk'
Slack : 0.180
TNS   : 0.000

Type  : Fast 1200mV 0C Model Hold 'controller:inst2|clkout'
Slack : 0.437
TNS   : 0.000

Type  : Fast 1200mV 0C Model Hold 'controller:inst4|clkout'
Slack : 0.497
TNS   : 0.000

Type  : Fast 1200mV 0C Model Hold 'controller:inst3|clkout'
Slack : 0.728
TNS   : 0.000

Type  : Fast 1200mV 0C Model Minimum Pulse Width 'clk'
Slack : -3.000
TNS   : -36.973

Type  : Fast 1200mV 0C Model Minimum Pulse Width 'sw0'
Slack : -3.000
TNS   : -3.000

Type  : Fast 1200mV 0C Model Minimum Pulse Width 'controller:inst2|clkout'
Slack : -1.000
TNS   : -17.000

Type  : Fast 1200mV 0C Model Minimum Pulse Width 'controller:inst3|clkout'
Slack : -1.000
TNS   : -17.000

Type  : Fast 1200mV 0C Model Minimum Pulse Width 'controller:inst4|clkout'
Slack : -1.000
TNS   : -17.000

------------------------------------------------------------
